<?xml version="1.0" encoding="UTF-8"?>
<testsuites name="jest tests" tests="2" failures="0" errors="0" time="8.855">
  <testsuite name="CoursesListComponent" errors="0" failures="0" skipped="0" timestamp="2024-10-06T20:27:40" time="2.356" tests="1">
    <testcase classname="CoursesListComponent should create" name="CoursesListComponent should create" time="0.192">
    </testcase>
  </testsuite>
  <testsuite name="CoursesComponent" errors="0" failures="0" skipped="0" timestamp="2024-10-06T20:27:40" time="5.73" tests="1">
    <testcase classname="CoursesComponent should create" name="CoursesComponent should create" time="0.349">
    </testcase>
  </testsuite>
</testsuites>